------------------------------------------------------------
Timing Analyzer Summary
------------------------------------------------------------

Type  : Slow 1100mV 85C Model Setup 'SensorReadings[1][0]'
Slack : -2.933
TNS   : -88.421

Type  : Slow 1100mV 85C Model Setup 'Clk'
Slack : -2.797
TNS   : -475.480

Type  : Slow 1100mV 85C Model Setup 'SensorReadings[4][0]'
Slack : -2.779
TNS   : -85.716

Type  : Slow 1100mV 85C Model Hold 'Clk'
Slack : 0.319
TNS   : 0.000

Type  : Slow 1100mV 85C Model Hold 'SensorReadings[1][0]'
Slack : 0.367
TNS   : 0.000

Type  : Slow 1100mV 85C Model Hold 'SensorReadings[4][0]'
Slack : 0.367
TNS   : 0.000

Type  : Slow 1100mV 85C Model Minimum Pulse Width 'Clk'
Slack : -0.394
TNS   : -153.952

Type  : Slow 1100mV 85C Model Minimum Pulse Width 'SensorReadings[4][0]'
Slack : -0.394
TNS   : -17.630

Type  : Slow 1100mV 85C Model Minimum Pulse Width 'SensorReadings[1][0]'
Slack : -0.394
TNS   : -17.616

Type  : Slow 1100mV 0C Model Setup 'SensorReadings[1][0]'
Slack : -2.855
TNS   : -85.924

Type  : Slow 1100mV 0C Model Setup 'Clk'
Slack : -2.700
TNS   : -451.652

Type  : Slow 1100mV 0C Model Setup 'SensorReadings[4][0]'
Slack : -2.655
TNS   : -82.345

Type  : Slow 1100mV 0C Model Hold 'Clk'
Slack : 0.283
TNS   : 0.000

Type  : Slow 1100mV 0C Model Hold 'SensorReadings[1][0]'
Slack : 0.368
TNS   : 0.000

Type  : Slow 1100mV 0C Model Hold 'SensorReadings[4][0]'
Slack : 0.368
TNS   : 0.000

Type  : Slow 1100mV 0C Model Minimum Pulse Width 'Clk'
Slack : -0.394
TNS   : -164.521

Type  : Slow 1100mV 0C Model Minimum Pulse Width 'SensorReadings[4][0]'
Slack : -0.394
TNS   : -19.253

Type  : Slow 1100mV 0C Model Minimum Pulse Width 'SensorReadings[1][0]'
Slack : -0.394
TNS   : -18.936

Type  : Fast 1100mV 85C Model Setup 'Clk'
Slack : -1.337
TNS   : -165.583

Type  : Fast 1100mV 85C Model Setup 'SensorReadings[1][0]'
Slack : -1.134
TNS   : -33.531

Type  : Fast 1100mV 85C Model Setup 'SensorReadings[4][0]'
Slack : -1.045
TNS   : -32.477

Type  : Fast 1100mV 85C Model Hold 'Clk'
Slack : 0.143
TNS   : 0.000

Type  : Fast 1100mV 85C Model Hold 'SensorReadings[4][0]'
Slack : 0.183
TNS   : 0.000

Type  : Fast 1100mV 85C Model Hold 'SensorReadings[1][0]'
Slack : 0.197
TNS   : 0.000

Type  : Fast 1100mV 85C Model Minimum Pulse Width 'SensorReadings[4][0]'
Slack : -0.085
TNS   : -2.724

Type  : Fast 1100mV 85C Model Minimum Pulse Width 'Clk'
Slack : -0.084
TNS   : -23.180

Type  : Fast 1100mV 85C Model Minimum Pulse Width 'SensorReadings[1][0]'
Slack : -0.077
TNS   : -2.480

Type  : Fast 1100mV 0C Model Setup 'Clk'
Slack : -1.087
TNS   : -129.224

Type  : Fast 1100mV 0C Model Setup 'SensorReadings[1][0]'
Slack : -0.989
TNS   : -28.836

Type  : Fast 1100mV 0C Model Setup 'SensorReadings[4][0]'
Slack : -0.881
TNS   : -27.272

Type  : Fast 1100mV 0C Model Hold 'Clk'
Slack : 0.117
TNS   : 0.000

Type  : Fast 1100mV 0C Model Hold 'SensorReadings[4][0]'
Slack : 0.172
TNS   : 0.000

Type  : Fast 1100mV 0C Model Hold 'SensorReadings[1][0]'
Slack : 0.188
TNS   : 0.000

Type  : Fast 1100mV 0C Model Minimum Pulse Width 'SensorReadings[4][0]'
Slack : -0.083
TNS   : -2.679

Type  : Fast 1100mV 0C Model Minimum Pulse Width 'Clk'
Slack : -0.082
TNS   : -22.745

Type  : Fast 1100mV 0C Model Minimum Pulse Width 'SensorReadings[1][0]'
Slack : -0.078
TNS   : -2.516

------------------------------------------------------------
