Flow report for ltr_sensor_ip_m1
Fri Jul  4 17:24:15 2025
Quartus Prime Version 19.1.0 Build 670 09/22/2019 SJ Lite Edition


---------------------
; Table of Contents ;
---------------------
  1. Legal Notice
  2. Flow Summary
  3. Flow Settings
  4. Flow Non-Default Global Settings
  5. Flow Elapsed Time
  6. Flow OS Summary
  7. Flow Log
  8. Flow Messages
  9. Flow Suppressed Messages



----------------
; Legal Notice ;
----------------
Copyright (C) 2019  Intel Corporation. All rights reserved.
Your use of Intel Corporation's design tools, logic functions 
and other software and tools, and any partner logic 
functions, and any output files from any of the foregoing 
(including device programming or simulation files), and any 
associated documentation or information are expressly subject 
to the terms and conditions of the Intel Program License 
Subscription Agreement, the Intel Quartus Prime License Agreement,
the Intel FPGA IP License Agreement, or other applicable license
agreement, including, without limitation, that your use is for
the sole purpose of programming logic devices manufactured by
Intel and sold by Intel or its authorized distributors.  Please
refer to the applicable agreement for further details, at
https://fpgasoftware.intel.com/eula.



+-------------------------------------------------------------------------------+
; Flow Summary                                                                  ;
+---------------------------------+---------------------------------------------+
; Flow Status                     ; Successful - Fri Jul  4 17:24:15 2025       ;
; Quartus Prime Version           ; 19.1.0 Build 670 09/22/2019 SJ Lite Edition ;
; Revision Name                   ; ltr_sensor_ip_m1                            ;
; Top-level Entity Name           ; DataAcquisitionIP_core                      ;
; Family                          ; Cyclone V                                   ;
; Device                          ; 5CSEMA5F31C6                                ;
; Timing Models                   ; Final                                       ;
; Logic utilization (in ALMs)     ; 187 / 32,070 ( < 1 % )                      ;
; Total registers                 ; 356                                         ;
; Total pins                      ; 197 / 457 ( 43 % )                          ;
; Total virtual pins              ; 0                                           ;
; Total block memory bits         ; 0 / 4,065,280 ( 0 % )                       ;
; Total DSP Blocks                ; 0 / 87 ( 0 % )                              ;
; Total HSSI RX PCSs              ; 0                                           ;
; Total HSSI PMA RX Deserializers ; 0                                           ;
; Total HSSI TX PCSs              ; 0                                           ;
; Total HSSI PMA TX Serializers   ; 0                                           ;
; Total PLLs                      ; 0 / 6 ( 0 % )                               ;
; Total DLLs                      ; 0 / 4 ( 0 % )                               ;
+---------------------------------+---------------------------------------------+


+-----------------------------------------+
; Flow Settings                           ;
+-------------------+---------------------+
; Option            ; Setting             ;
+-------------------+---------------------+
; Start date & time ; 07/04/2025 17:22:24 ;
; Main task         ; Compilation         ;
; Revision Name     ; ltr_sensor_ip_m1    ;
+-------------------+---------------------+


+--------------------------------------------------------------------------------------------------------------------------------------------------------------+
; Flow Non-Default Global Settings                                                                                                                             ;
+-------------------------------------+----------------------------------------+------------------+------------------------+-----------------------------------+
; Assignment Name                     ; Value                                  ; Default Value    ; Entity Name            ; Section Id                        ;
+-------------------------------------+----------------------------------------+------------------+------------------------+-----------------------------------+
; COMPILER_SIGNATURE_ID               ; 219943812689957.175167494417754        ; --               ; --                     ; --                                ;
; EDA_DESIGN_ENTRY_SYNTHESIS_TOOL     ; Precision Synthesis                    ; <None>           ; --                     ; --                                ;
; EDA_GENERATE_FUNCTIONAL_NETLIST     ; Off                                    ; --               ; --                     ; eda_board_design_timing           ;
; EDA_GENERATE_FUNCTIONAL_NETLIST     ; Off                                    ; --               ; --                     ; eda_board_design_boundary_scan    ;
; EDA_GENERATE_FUNCTIONAL_NETLIST     ; Off                                    ; --               ; --                     ; eda_board_design_signal_integrity ;
; EDA_GENERATE_FUNCTIONAL_NETLIST     ; Off                                    ; --               ; --                     ; eda_board_design_symbol           ;
; EDA_INPUT_DATA_FORMAT               ; Vqm                                    ; --               ; --                     ; eda_design_synthesis              ;
; EDA_LMF_FILE                        ; mentor.lmf                             ; --               ; --                     ; eda_design_synthesis              ;
; EDA_OUTPUT_DATA_FORMAT              ; Systemverilog Hdl                      ; --               ; --                     ; eda_simulation                    ;
; EDA_SIMULATION_TOOL                 ; ModelSim-Altera (SystemVerilog)        ; <None>           ; --                     ; --                                ;
; EDA_TIME_SCALE                      ; 1 ps                                   ; --               ; --                     ; eda_simulation                    ;
; MAX_CORE_JUNCTION_TEMP              ; 85                                     ; --               ; --                     ; --                                ;
; MIN_CORE_JUNCTION_TEMP              ; 0                                      ; --               ; --                     ; --                                ;
; PARTITION_COLOR                     ; -- (Not supported for targeted family) ; --               ; DataAcquisitionIP_core ; Top                               ;
; PARTITION_FITTER_PRESERVATION_LEVEL ; -- (Not supported for targeted family) ; --               ; DataAcquisitionIP_core ; Top                               ;
; PARTITION_NETLIST_TYPE              ; -- (Not supported for targeted family) ; --               ; DataAcquisitionIP_core ; Top                               ;
; POWER_BOARD_THERMAL_MODEL           ; None (CONSERVATIVE)                    ; --               ; --                     ; --                                ;
; POWER_PRESET_COOLING_SOLUTION       ; 23 MM HEAT SINK WITH 200 LFPM AIRFLOW  ; --               ; --                     ; --                                ;
; PROJECT_OUTPUT_DIRECTORY            ; output_files                           ; --               ; --                     ; --                                ;
; TOP_LEVEL_ENTITY                    ; DataAcquisitionIP_core                 ; ltr_sensor_ip_m1 ; --                     ; --                                ;
+-------------------------------------+----------------------------------------+------------------+------------------------+-----------------------------------+


+--------------------------------------------------------------------------------------------------------------------------+
; Flow Elapsed Time                                                                                                        ;
+----------------------+--------------+-------------------------+---------------------+------------------------------------+
; Module Name          ; Elapsed Time ; Average Processors Used ; Peak Virtual Memory ; Total CPU Time (on all processors) ;
+----------------------+--------------+-------------------------+---------------------+------------------------------------+
; Analysis & Synthesis ; 00:00:12     ; 1.0                     ; 968 MB              ; 00:00:32                           ;
; Fitter               ; 00:01:12     ; 1.0                     ; 2410 MB             ; 00:02:08                           ;
; Assembler            ; 00:00:10     ; 1.0                     ; 967 MB              ; 00:00:10                           ;
; Timing Analyzer      ; 00:00:09     ; 1.3                     ; 1198 MB             ; 00:00:10                           ;
; EDA Netlist Writer   ; 00:00:02     ; 1.0                     ; 1113 MB             ; 00:00:02                           ;
; Total                ; 00:01:45     ; --                      ; --                  ; 00:03:02                           ;
+----------------------+--------------+-------------------------+---------------------+------------------------------------+


+----------------------------------------------------------------------------------------+
; Flow OS Summary                                                                        ;
+----------------------+------------------+----------------+------------+----------------+
; Module Name          ; Machine Hostname ; OS Name        ; OS Version ; Processor type ;
+----------------------+------------------+----------------+------------+----------------+
; Analysis & Synthesis ; raul-linux       ; Ubuntu 24.04.2 ; 24         ; x86_64         ;
; Fitter               ; raul-linux       ; Ubuntu 24.04.2 ; 24         ; x86_64         ;
; Assembler            ; raul-linux       ; Ubuntu 24.04.2 ; 24         ; x86_64         ;
; Timing Analyzer      ; raul-linux       ; Ubuntu 24.04.2 ; 24         ; x86_64         ;
; EDA Netlist Writer   ; raul-linux       ; Ubuntu 24.04.2 ; 24         ; x86_64         ;
+----------------------+------------------+----------------+------------+----------------+


------------
; Flow Log ;
------------
quartus_map --read_settings_files=on --write_settings_files=off ltr_sensor_ip_m1 -c ltr_sensor_ip_m1
quartus_fit --read_settings_files=off --write_settings_files=off ltr_sensor_ip_m1 -c ltr_sensor_ip_m1
quartus_asm --read_settings_files=off --write_settings_files=off ltr_sensor_ip_m1 -c ltr_sensor_ip_m1
quartus_sta ltr_sensor_ip_m1 -c ltr_sensor_ip_m1
quartus_eda --read_settings_files=off --write_settings_files=off ltr_sensor_ip_m1 -c ltr_sensor_ip_m1



